// Jest Snapshot v1, https://goo.gl/fbAQLP

exports[`Link renders 1`] = `
<a
  href=""
  onClick={[Function]}
>
  anchor text
</a>
`;
